------------------------------------------------------------
Timing Analyzer Summary
------------------------------------------------------------

Type  : Slow 1200mV 85C Model Setup 'clk'
Slack : -892.206
TNS   : -10923.933

Type  : Slow 1200mV 85C Model Setup 'adc_inst|adc_mega_0|ADC_CTRL|adc_pll|auto_generated|pll1|clk[0]'
Slack : -11.403
TNS   : -65.337

Type  : Slow 1200mV 85C Model Hold 'clk'
Slack : 0.270
TNS   : 0.000

Type  : Slow 1200mV 85C Model Hold 'adc_inst|adc_mega_0|ADC_CTRL|adc_pll|auto_generated|pll1|clk[0]'
Slack : 5.938
TNS   : 0.000

Type  : Slow 1200mV 85C Model Minimum Pulse Width 'clk'
Slack : 4.409
TNS   : 0.000

Type  : Slow 1200mV 85C Model Minimum Pulse Width 'adc_inst|adc_mega_0|ADC_CTRL|adc_pll|auto_generated|pll1|clk[0]'
Slack : 4.575
TNS   : 0.000

Type  : Slow 1200mV 0C Model Setup 'clk'
Slack : -884.115
TNS   : -10796.417

Type  : Slow 1200mV 0C Model Setup 'adc_inst|adc_mega_0|ADC_CTRL|adc_pll|auto_generated|pll1|clk[0]'
Slack : -10.005
TNS   : -56.956

Type  : Slow 1200mV 0C Model Hold 'clk'
Slack : 0.271
TNS   : 0.000

Type  : Slow 1200mV 0C Model Hold 'adc_inst|adc_mega_0|ADC_CTRL|adc_pll|auto_generated|pll1|clk[0]'
Slack : 4.663
TNS   : 0.000

Type  : Slow 1200mV 0C Model Minimum Pulse Width 'clk'
Slack : 4.420
TNS   : 0.000

Type  : Slow 1200mV 0C Model Minimum Pulse Width 'adc_inst|adc_mega_0|ADC_CTRL|adc_pll|auto_generated|pll1|clk[0]'
Slack : 4.631
TNS   : 0.000

Type  : Fast 1200mV 0C Model Setup 'clk'
Slack : -844.121
TNS   : -10146.257

Type  : Fast 1200mV 0C Model Setup 'adc_inst|adc_mega_0|ADC_CTRL|adc_pll|auto_generated|pll1|clk[0]'
Slack : -3.885
TNS   : -20.586

Type  : Fast 1200mV 0C Model Hold 'adc_inst|adc_mega_0|ADC_CTRL|adc_pll|auto_generated|pll1|clk[0]'
Slack : -0.179
TNS   : -0.555

Type  : Fast 1200mV 0C Model Hold 'clk'
Slack : 0.109
TNS   : 0.000

Type  : Fast 1200mV 0C Model Minimum Pulse Width 'clk'
Slack : 4.269
TNS   : 0.000

Type  : Fast 1200mV 0C Model Minimum Pulse Width 'adc_inst|adc_mega_0|ADC_CTRL|adc_pll|auto_generated|pll1|clk[0]'
Slack : 4.903
TNS   : 0.000

------------------------------------------------------------
